Cek hasil 2026-09-30 16:01:24.708969
Akurasi: 0.00%
Profit: Rp +0

+-----------------------+----------+------------+---------+----------+----------+
| Match                 | Market   | Prediksi   | Hasil   | Status   | Profit   |
+=======================+==========+============+=========+==========+==========+
| Real Madrid vs Girona | O/U 3.5  | Under      | -       | belum    | -        |
+-----------------------+----------+------------+---------+----------+----------+
| PSG vs Marseille      | O/U 3.5  | Under      | -       | belum    | -        |
+-----------------------+----------+------------+---------+----------+----------+
| Dortmund vs Leipzig   | O/U 3.5  | Under      | -       | belum    | -        |
+-----------------------+----------+------------+---------+----------+----------+
| Barcelona vs Atletico | O/U 3.5  | Under      | -       | belum    | -        |
+-----------------------+----------+------------+---------+----------+----------+
| Ajax vs PSV           | O/U 3.5  | Under      | -       | belum    | -        |
+-----------------------+----------+------------+---------+----------+----------+
| Liverpool vs ManCity  | O/U 3.5  | Under      | -       | belum    | -        |
+-----------------------+----------+------------+---------+----------+----------+
| Benfica vs Porto      | O/U 3.5  | Under      | -       | belum    | -        |
+-----------------------+----------+------------+---------+----------+----------+
| Leeds vs Southampton  | O/U 3.5  | Under      | -       | belum    | -        |
+-----------------------+----------+------------+---------+----------+----------+
| Arsenal vs Chelsea    | O/U 3.5  | Under      | -       | belum    | -        |
+-----------------------+----------+------------+---------+----------+----------+
| Inter vs Lazio        | O/U 3.5  | Under      | -       | belum    | -        |
+-----------------------+----------+------------+---------+----------+----------+
| Inter vs Lazio        | O/U 1.5  | Over       | -       | belum    | -        |
+-----------------------+----------+------------+---------+----------+----------+
| Arsenal vs Chelsea    | O/U 1.5  | Over       | -       | belum    | -        |
+-----------------------+----------+------------+---------+----------+----------+
| Real Madrid vs Girona | O/U 2.5  | Under      | -       | belum    | -        |
+-----------------------+----------+------------+---------+----------+----------+
| Dortmund vs Leipzig   | O/U 2.5  | Under      | -       | belum    | -        |
+-----------------------+----------+------------+---------+----------+----------+
| Barcelona vs Atletico | O/U 2.5  | Under      | -       | belum    | -        |
+-----------------------+----------+------------+---------+----------+----------+
| Ajax vs PSV           | O/U 2.5  | Under      | -       | belum    | -        |
+-----------------------+----------+------------+---------+----------+----------+
| Benfica vs Porto      | O/U 2.5  | Under      | -       | belum    | -        |
+-----------------------+----------+------------+---------+----------+----------+
| Leeds vs Southampton  | O/U 1.5  | Over       | -       | belum    | -        |
+-----------------------+----------+------------+---------+----------+----------+
| Leeds vs Southampton  | O/U 2.5  | Under      | -       | belum    | -        |
+-----------------------+----------+------------+---------+----------+----------+
| Liverpool vs ManCity  | O/U 1.5  | Over       | -       | belum    | -        |
+-----------------------+----------+------------+---------+----------+----------+
| Benfica vs Porto      | O/U 1.5  | Over       | -       | belum    | -        |
+-----------------------+----------+------------+---------+----------+----------+